MPLINK 5.09, LINKER
Linker Map File - Created Sat May  7 20:36:03 2022

                                 Section Info
                  Section       Type    Address   Location Size(Bytes)
                ---------  ---------  ---------  ---------  ---------
                   .org_0       code   0x000000    program   0x000002
                   .cinit    romdata   0x000001    program   0x000004
                   .org_1       code   0x000004    program   0x000156
.config_2007_BUILD/DEFAULT/PRODUCTION/TRABAJO       code   0x002007    program   0x000002



                              Program Memory Usage 
                               Start         End      
                           ---------   ---------      
                            0x000000    0x000002      
                            0x000004    0x0000ae      
                            0x002007    0x002007      
            175 out of 8455 program addresses used, program memory utilization is 2%



                              Symbols - Sorted by Name
                     Name    Address   Location    Storage File                     
                ---------  ---------  ---------  --------- ---------                
                    CHECK   0x0000a2    program     static /home/francabrera/Desktop/MPLAB/TRABAJOFINAL.X/TRABAJOFINAL.asm
                 DEBOUNCE   0x00006b    program     static /home/francabrera/Desktop/MPLAB/TRABAJOFINAL.X/TRABAJOFINAL.asm
                    DECOD   0x000080    program     static /home/francabrera/Desktop/MPLAB/TRABAJOFINAL.X/TRABAJOFINAL.asm
                     KEYB   0x000050    program     static /home/francabrera/Desktop/MPLAB/TRABAJOFINAL.X/TRABAJOFINAL.asm
                     LOOP   0x000077    program     static /home/francabrera/Desktop/MPLAB/TRABAJOFINAL.X/TRABAJOFINAL.asm
                    LOOP1   0x000074    program     static /home/francabrera/Desktop/MPLAB/TRABAJOFINAL.X/TRABAJOFINAL.asm
                     MAIN   0x00002e    program     static /home/francabrera/Desktop/MPLAB/TRABAJOFINAL.X/TRABAJOFINAL.asm
                     NEXT   0x00004d    program     static /home/francabrera/Desktop/MPLAB/TRABAJOFINAL.X/TRABAJOFINAL.asm
                    NEXT2   0x00001b    program     static /home/francabrera/Desktop/MPLAB/TRABAJOFINAL.X/TRABAJOFINAL.asm
                    ORDER   0x000092    program     static /home/francabrera/Desktop/MPLAB/TRABAJOFINAL.X/TRABAJOFINAL.asm
                      RET   0x00007a    program     static /home/francabrera/Desktop/MPLAB/TRABAJOFINAL.X/TRABAJOFINAL.asm
                     RKEY   0x00009b    program     static /home/francabrera/Desktop/MPLAB/TRABAJOFINAL.X/TRABAJOFINAL.asm
                     SAVE   0x000063    program     static /home/francabrera/Desktop/MPLAB/TRABAJOFINAL.X/TRABAJOFINAL.asm
                    SAVE0   0x00001a    program     static /home/francabrera/Desktop/MPLAB/TRABAJOFINAL.X/TRABAJOFINAL.asm
                    SAVE1   0x000018    program     static /home/francabrera/Desktop/MPLAB/TRABAJOFINAL.X/TRABAJOFINAL.asm
                    SAVE2   0x000016    program     static /home/francabrera/Desktop/MPLAB/TRABAJOFINAL.X/TRABAJOFINAL.asm
                    SAVE3   0x000014    program     static /home/francabrera/Desktop/MPLAB/TRABAJOFINAL.X/TRABAJOFINAL.asm



                              Symbols - Sorted by Address
                     Name    Address   Location    Storage File                     
                ---------  ---------  ---------  --------- ---------                
                    SAVE3   0x000014    program     static /home/francabrera/Desktop/MPLAB/TRABAJOFINAL.X/TRABAJOFINAL.asm
                    SAVE2   0x000016    program     static /home/francabrera/Desktop/MPLAB/TRABAJOFINAL.X/TRABAJOFINAL.asm
                    SAVE1   0x000018    program     static /home/francabrera/Desktop/MPLAB/TRABAJOFINAL.X/TRABAJOFINAL.asm
                    SAVE0   0x00001a    program     static /home/francabrera/Desktop/MPLAB/TRABAJOFINAL.X/TRABAJOFINAL.asm
                    NEXT2   0x00001b    program     static /home/francabrera/Desktop/MPLAB/TRABAJOFINAL.X/TRABAJOFINAL.asm
                     MAIN   0x00002e    program     static /home/francabrera/Desktop/MPLAB/TRABAJOFINAL.X/TRABAJOFINAL.asm
                     NEXT   0x00004d    program     static /home/francabrera/Desktop/MPLAB/TRABAJOFINAL.X/TRABAJOFINAL.asm
                     KEYB   0x000050    program     static /home/francabrera/Desktop/MPLAB/TRABAJOFINAL.X/TRABAJOFINAL.asm
                     SAVE   0x000063    program     static /home/francabrera/Desktop/MPLAB/TRABAJOFINAL.X/TRABAJOFINAL.asm
                 DEBOUNCE   0x00006b    program     static /home/francabrera/Desktop/MPLAB/TRABAJOFINAL.X/TRABAJOFINAL.asm
                    LOOP1   0x000074    program     static /home/francabrera/Desktop/MPLAB/TRABAJOFINAL.X/TRABAJOFINAL.asm
                     LOOP   0x000077    program     static /home/francabrera/Desktop/MPLAB/TRABAJOFINAL.X/TRABAJOFINAL.asm
                      RET   0x00007a    program     static /home/francabrera/Desktop/MPLAB/TRABAJOFINAL.X/TRABAJOFINAL.asm
                    DECOD   0x000080    program     static /home/francabrera/Desktop/MPLAB/TRABAJOFINAL.X/TRABAJOFINAL.asm
                    ORDER   0x000092    program     static /home/francabrera/Desktop/MPLAB/TRABAJOFINAL.X/TRABAJOFINAL.asm
                     RKEY   0x00009b    program     static /home/francabrera/Desktop/MPLAB/TRABAJOFINAL.X/TRABAJOFINAL.asm
                    CHECK   0x0000a2    program     static /home/francabrera/Desktop/MPLAB/TRABAJOFINAL.X/TRABAJOFINAL.asm


